Vatsal@DELL-VATSAL MINGW64 ~
$ ssh root@134.122.39.99
root@134.122.39.99's password:
Welcome to Ubuntu 20.04.2 LTS (GNU/Linux 5.4.0-81-generic x86_64)

 * Documentation:  https://help.ubuntu.com
 * Management:     https://landscape.canonical.com
 * Support:        https://ubuntu.com/advantage

  System information as of Wed Feb  2 20:06:35 UTC 2022

  System load:  0.08               Users logged in:       0
  Usage of /:   13.3% of 24.06GB   IPv4 address for eth0: 134.122.39.99
  Memory usage: 61%                IPv4 address for eth0: 10.20.0.5
  Swap usage:   0%                 IPv4 address for eth1: 10.118.0.2
  Processes:    123

77 updates can be applied immediately.
5 of these updates are standard security updates.
To see these additional updates run: apt list --upgradable


*** System restart required ***
********************************************************************************

Welcome to DigitalOcean's 1-Click LAMP Droplet.
To keep this Droplet secure, the UFW firewall is enabled.
All ports are BLOCKED except 22 (SSH), 80 (HTTP), and 443 (HTTPS).

In a web browser, you can view:
 * The LAMP 1-Click Quickstart guide: https://do.co/3gY97ha#start
 * Your LAMP website: http://134.122.39.99

On the server:
 * The default web root is located at /var/www/html
 * The MySQL root password is saved in /root/.digitalocean_password
 * Certbot is preinstalled. Run it to configure HTTPS. See
   https://do.co/3gY97ha#enable-https for more detail.

For help and more information, visit https://do.co/3gY97ha

********************************************************************************
To delete this message of the day: rm -rf /etc/update-motd.d/99-one-click
Last login: Wed Jan 26 19:53:33 2022 from 134.122.39.99
root@comp3134-winter-2022-intro-to-cyber-security:~#
root@comp3134-winter-2022-intro-to-cyber-security:~#
root@comp3134-winter-2022-intro-to-cyber-security:~# man iptables
root@comp3134-winter-2022-intro-to-cyber-security:~# apt-get update
Get:1 http://security.ubuntu.com/ubuntu focal-security InRelease [114 kB]
Get:2 http://mirrors.digitalocean.com/ubuntu focal InRelease [265 kB]
Hit:3 http://ppa.launchpad.net/ondrej/php/ubuntu focal InRelease
Hit:4 https://repos-droplet.digitalocean.com/apt/droplet-agent main InRelease
Get:5 http://mirrors.digitalocean.com/ubuntu focal-updates InRelease [114 kB]
Get:6 http://mirrors.digitalocean.com/ubuntu focal-backports InRelease [108 kB]
Get:7 http://security.ubuntu.com/ubuntu focal-security/main amd64 Packages [1210 kB]
Get:8 http://security.ubuntu.com/ubuntu focal-security/main Translation-en [213 kB]
Get:9 http://security.ubuntu.com/ubuntu focal-security/main amd64 c-n-f Metadata [9136 B]
Get:10 http://security.ubuntu.com/ubuntu focal-security/restricted amd64 Packages [718 kB]
Get:11 http://security.ubuntu.com/ubuntu focal-security/restricted Translation-en [103 kB]
Get:12 http://security.ubuntu.com/ubuntu focal-security/universe amd64 Packages [676 kB]
Get:13 http://security.ubuntu.com/ubuntu focal-security/universe amd64 c-n-f Metadata [13.0 kB]
Get:14 http://mirrors.digitalocean.com/ubuntu focal-updates/main amd64 Packages [1546 kB]
Get:15 http://mirrors.digitalocean.com/ubuntu focal-updates/main amd64 c-n-f Metadata [14.7 kB]
Get:16 http://mirrors.digitalocean.com/ubuntu focal-updates/universe amd64 Packages [896 kB]
Fetched 6000 kB in 3s (1891 kB/s)
Reading package lists... Done
root@comp3134-winter-2022-intro-to-cyber-security:~# apt-get install iptables
Reading package lists... Done
Building dependency tree
Reading state information... Done
iptables is already the newest version (1.8.4-3ubuntu2).
iptables set to manually installed.
0 upgraded, 0 newly installed, 0 to remove and 74 not upgraded.
root@comp3134-winter-2022-intro-to-cyber-security:~# iptables -L -v
Chain INPUT (policy DROP 3 packets, 120 bytes)
 pkts bytes target     prot opt in     out     source               destination
 293K   39M f2b-sshd   tcp  --  any    any     anywhere             anywhere             multiport dports ssh
 701K  585M ufw-before-logging-input  all  --  any    any     anywhere             anywhere
 701K  585M ufw-before-input  all  --  any    any     anywhere             anywhere
 282K   14M ufw-after-input  all  --  any    any     anywhere             anywhere
 267K   14M ufw-after-logging-input  all  --  any    any     anywhere             anywhere
 267K   14M ufw-reject-input  all  --  any    any     anywhere             anywhere
 267K   14M ufw-track-input  all  --  any    any     anywhere             anywhere

Chain FORWARD (policy DROP 0 packets, 0 bytes)
 pkts bytes target     prot opt in     out     source               destination
    0     0 ufw-before-logging-forward  all  --  any    any     anywhere             anywhere           
    0     0 ufw-before-forward  all  --  any    any     anywhere             anywhere
    0     0 ufw-after-forward  all  --  any    any     anywhere             anywhere
    0     0 ufw-after-logging-forward  all  --  any    any     anywhere             anywhere
    0     0 ufw-reject-forward  all  --  any    any     anywhere             anywhere
    0     0 ufw-track-forward  all  --  any    any     anywhere             anywhere

Chain OUTPUT (policy ACCEPT 0 packets, 0 bytes)
 pkts bytes target     prot opt in     out     source               destination
 478K   65M ufw-before-logging-output  all  --  any    any     anywhere             anywhere
 478K   65M ufw-before-output  all  --  any    any     anywhere             anywhere
17423 1439K ufw-after-output  all  --  any    any     anywhere             anywhere
17423 1439K ufw-after-logging-output  all  --  any    any     anywhere             anywhere
17423 1439K ufw-reject-output  all  --  any    any     anywhere             anywhere
17423 1439K ufw-track-output  all  --  any    any     anywhere             anywhere

Chain f2b-sshd (1 references)
 pkts bytes target     prot opt in     out     source               destination
   18  1592 REJECT     all  --  any    any     45.135.232.200       anywhere             reject-with icmp-port-unreachable
   19  1664 REJECT     all  --  any    any     112.85.42.71         anywhere             reject-with icmp-port-unreachable
 239K   35M RETURN     all  --  any    any     anywhere             anywhere

Chain ufw-after-forward (1 references)
 pkts bytes target     prot opt in     out     source               destination

Chain ufw-after-input (1 references)
 pkts bytes target     prot opt in     out     source               destination
   96  7491 ufw-skip-to-policy-input  udp  --  any    any     anywhere             anywhere             udp dpt:netbios-ns
    1    28 ufw-skip-to-policy-input  udp  --  any    any     anywhere             anywhere             udp dpt:netbios-dgm
  354 17220 ufw-skip-to-policy-input  tcp  --  any    any     anywhere             anywhere             tcp dpt:netbios-ssn
15062  776K ufw-skip-to-policy-input  tcp  --  any    any     anywhere             anywhere             tcp dpt:microsoft-ds
    1    28 ufw-skip-to-policy-input  udp  --  any    any     anywhere             anywhere             udp dpt:bootps
    1    28 ufw-skip-to-policy-input  udp  --  any    any     anywhere             anywhere             udp dpt:bootpc
    0     0 ufw-skip-to-policy-input  all  --  any    any     anywhere             anywhere             ADDRTYPE match dst-type BROADCAST

Chain ufw-after-logging-forward (1 references)
 pkts bytes target     prot opt in     out     source               destination
    0     0 LOG        all  --  any    any     anywhere             anywhere             limit: avg 3/min burst 10 LOG level warning prefix "[UFW BLOCK] "

Chain ufw-after-logging-input (1 references)
 pkts bytes target     prot opt in     out     source               destination
93039 4642K LOG        all  --  any    any     anywhere             anywhere             limit: avg 3/min burst 10 LOG level warning prefix "[UFW BLOCK] "

Chain ufw-after-logging-output (1 references)
 pkts bytes target     prot opt in     out     source               destination

Chain ufw-after-output (1 references)
 pkts bytes target     prot opt in     out     source               destination

Chain ufw-before-forward (1 references)
 pkts bytes target     prot opt in     out     source               destination
    0     0 ACCEPT     all  --  any    any     anywhere             anywhere             ctstate RELATED,ESTABLISHED
    0     0 ACCEPT     icmp --  any    any     anywhere             anywhere             icmp destination-unreachable
    0     0 ACCEPT     icmp --  any    any     anywhere             anywhere             icmp time-exceeded
    0     0 ACCEPT     icmp --  any    any     anywhere             anywhere             icmp parameter-problem
    0     0 ACCEPT     icmp --  any    any     anywhere             anywhere             icmp echo-request
    0     0 ufw-user-forward  all  --  any    any     anywhere             anywhere

Chain ufw-before-input (1 references)
 pkts bytes target     prot opt in     out     source               destination
11177 1042K ACCEPT     all  --  lo     any     anywhere             anywhere
 320K  563M ACCEPT     all  --  any    any     anywhere             anywhere             ctstate RELATED,ESTABLISHED
 7030 1837K ufw-logging-deny  all  --  any    any     anywhere             anywhere             ctstate INVALID
 7030 1837K DROP       all  --  any    any     anywhere             anywhere             ctstate INVALID
    0     0 ACCEPT     icmp --  any    any     anywhere             anywhere             icmp destination-unreachable
    0     0 ACCEPT     icmp --  any    any     anywhere             anywhere             icmp time-exceeded
    0     0 ACCEPT     icmp --  any    any     anywhere             anywhere             icmp parameter-problem
50461 2932K ACCEPT     icmp --  any    any     anywhere             anywhere             icmp echo-request
    0     0 ACCEPT     udp  --  any    any     anywhere             anywhere             udp spt:bootps dpt:bootpc
 312K   16M ufw-not-local  all  --  any    any     anywhere             anywhere
    0     0 ACCEPT     udp  --  any    any     anywhere             224.0.0.251          udp dpt:mdns
    0     0 ACCEPT     udp  --  any    any     anywhere             239.255.255.250      udp dpt:1900
 312K   16M ufw-user-input  all  --  any    any     anywhere             anywhere

Chain ufw-before-logging-forward (1 references)
 pkts bytes target     prot opt in     out     source               destination

Chain ufw-before-logging-input (1 references)
 pkts bytes target     prot opt in     out     source               destination

Chain ufw-before-logging-output (1 references)
 pkts bytes target     prot opt in     out     source               destination

Chain ufw-before-output (1 references)
 pkts bytes target     prot opt in     out     source               destination
11177 1042K ACCEPT     all  --  any    lo      anywhere             anywhere
 450K   62M ACCEPT     all  --  any    any     anywhere             anywhere             ctstate RELATED,ESTABLISHED
17423 1439K ufw-user-output  all  --  any    any     anywhere             anywhere

Chain ufw-logging-allow (0 references)
 pkts bytes target     prot opt in     out     source               destination
    0     0 LOG        all  --  any    any     anywhere             anywhere             limit: avg 3/min burst 10 LOG level warning prefix "[UFW ALLOW] "

Chain ufw-logging-deny (2 references)
 pkts bytes target     prot opt in     out     source               destination
 6284 1751K RETURN     all  --  any    any     anywhere             anywhere             ctstate INVALID limit: avg 3/min burst 10
  337 64034 LOG        all  --  any    any     anywhere             anywhere             limit: avg 3/min burst 10 LOG level warning prefix "[UFW BLOCK] "

Chain ufw-not-local (1 references)
 pkts bytes target     prot opt in     out     source               destination
 312K   16M RETURN     all  --  any    any     anywhere             anywhere             ADDRTYPE match dst-type LOCAL
    0     0 RETURN     all  --  any    any     anywhere             anywhere             ADDRTYPE match dst-type MULTICAST
    0     0 RETURN     all  --  any    any     anywhere             anywhere             ADDRTYPE match dst-type BROADCAST
    0     0 ufw-logging-deny  all  --  any    any     anywhere             anywhere             limit: avg 3/min burst 10
    0     0 DROP       all  --  any    any     anywhere             anywhere

Chain ufw-reject-forward (1 references)
 pkts bytes target     prot opt in     out     source               destination

Chain ufw-reject-input (1 references)
 pkts bytes target     prot opt in     out     source               destination

Chain ufw-reject-output (1 references)
 pkts bytes target     prot opt in     out     source               destination

Chain ufw-skip-to-policy-forward (0 references)
 pkts bytes target     prot opt in     out     source               destination
    0     0 DROP       all  --  any    any     anywhere             anywhere

Chain ufw-skip-to-policy-input (7 references)
 pkts bytes target     prot opt in     out     source               destination
15515  800K DROP       all  --  any    any     anywhere             anywhere

Chain ufw-skip-to-policy-output (0 references)
 pkts bytes target     prot opt in     out     source               destination
    0     0 ACCEPT     all  --  any    any     anywhere             anywhere

Chain ufw-track-forward (1 references)
 pkts bytes target     prot opt in     out     source               destination

Chain ufw-track-input (1 references)
 pkts bytes target     prot opt in     out     source               destination

Chain ufw-track-output (1 references)
 pkts bytes target     prot opt in     out     source               destination
 6897  696K ACCEPT     tcp  --  any    any     anywhere             anywhere             ctstate NEW
 5028  411K ACCEPT     udp  --  any    any     anywhere             anywhere             ctstate NEW

Chain ufw-user-forward (1 references)
 pkts bytes target     prot opt in     out     source               destination

Chain ufw-user-input (1 references)
 pkts bytes target     prot opt in     out     source               destination
19837 1166K            tcp  --  any    any     anywhere             anywhere             tcp dpt:ssh ctstate NEW recent: SET name: DEFAULT side: source mask: 255.255.255.255
   51  2968 ufw-user-limit  tcp  --  any    any     anywhere             anywhere             tcp dpt:ssh ctstate NEW recent: UPDATE seconds: 30 hit_count: 6 name: DEFAULT side: source mask: 255.255.255.255
19786 1163K ufw-user-limit-accept  tcp  --  any    any     anywhere             anywhere             tcp dpt:ssh
 6440  307K ACCEPT     tcp  --  any    any     anywhere             anywhere             multiport dports http,https /* 'dapp_Apache%20Full' */

Chain ufw-user-limit (1 references)
 pkts bytes target     prot opt in     out     source               destination
   31  1768 LOG        all  --  any    any     anywhere             anywhere             limit: avg 3/min burst 5 LOG level warning prefix "[UFW LIMIT BLOCK] "
   51  2968 REJECT     all  --  any    any     anywhere             anywhere             reject-with icmp-port-unreachable

Chain ufw-user-limit-accept (1 references)
 pkts bytes target     prot opt in     out     source               destination
19786 1163K ACCEPT     all  --  any    any     anywhere             anywhere

Chain ufw-user-logging-forward (0 references)
 pkts bytes target     prot opt in     out     source               destination

Chain ufw-user-logging-input (0 references)
 pkts bytes target     prot opt in     out     source               destination

Chain ufw-user-logging-output (0 references)
 pkts bytes target     prot opt in     out     source               destination

Chain ufw-user-output (1 references)
 pkts bytes target     prot opt in     out     source               destination
-